// Jest Snapshot v1, https://goo.gl/fbAQLP

exports[`App Component renders 1`] = `
<div>
  <div>
    Hello world
  </div>
</div>
`;
